../Core/Src/main.c:82:5:myabs	24	static
../Core/Src/main.c:93:6:MotorInit	8	static
../Core/Src/main.c:106:6:Left_Go	8	static
../Core/Src/main.c:112:6:Right_Go	8	static
../Core/Src/main.c:118:6:Left_Back	8	static
../Core/Src/main.c:124:6:Right_Back	8	static
../Core/Src/main.c:130:6:Go_Back	8	static
../Core/Src/main.c:139:6:Left_Stop	8	static
../Core/Src/main.c:145:6:Right_Stop	8	static
../Core/Src/main.c:152:6:MotorControl	16	static
../Core/Src/main.c:175:7:CalActualSpeed	16	static
../Core/Src/main.c:186:5:CalActualPulse	16	static
../Core/Src/main.c:197:5:HextoDec	24	static
../Core/Src/main.c:215:5:AverageFilter	24	static
../Core/Src/main.c:231:6:GetEncoderPulse	16	static
../Core/Src/main.c:270:6:PID_Init	16	static
../Core/Src/main.c:285:5:PID_Cal	48	static
../Core/Src/main.c:305:5:main	16	static
../Core/Src/main.c:399:6:SystemClock_Config	72	static
../Core/Src/main.c:435:6:HAL_TIM_PeriodElapsedCallback	32	static
../Core/Src/main.c:476:6:Error_Handler	4	static,ignoring_inline_asm
