Archive member included to satisfy reference by file (symbol)

D:/Office Soft/STM32CubeIDE_1.13.0/STM32CubeIDE/plugins/com.st.stm32cube.ide.mcu.externaltools.gnu-tools-for-stm32.11.3.rel1.win32_1.1.0.202305231506/tools/bin/../lib/gcc/arm-none-eabi/11.3.1/../../../../arm-none-eabi/lib/thumb/v7-m/nofp\libc_nano.a(libc_a-exit.o)
                              D:/Office Soft/STM32CubeIDE_1.13.0/STM32CubeIDE/plugins/com.st.stm32cube.ide.mcu.externaltools.gnu-tools-for-stm32.11.3.rel1.win32_1.1.0.202305231506/tools/bin/../lib/gcc/arm-none-eabi/11.3.1/../../../../arm-none-eabi/lib/thumb/v7-m/nofp/crt0.o (exit)
D:/Office Soft/STM32CubeIDE_1.13.0/STM32CubeIDE/plugins/com.st.stm32cube.ide.mcu.externaltools.gnu-tools-for-stm32.11.3.rel1.win32_1.1.0.202305231506/tools/bin/../lib/gcc/arm-none-eabi/11.3.1/../../../../arm-none-eabi/lib/thumb/v7-m/nofp\libc_nano.a(libc_a-findfp.o)
                              D:/Office Soft/STM32CubeIDE_1.13.0/STM32CubeIDE/plugins/com.st.stm32cube.ide.mcu.externaltools.gnu-tools-for-stm32.11.3.rel1.win32_1.1.0.202305231506/tools/bin/../lib/gcc/arm-none-eabi/11.3.1/../../../../arm-none-eabi/lib/thumb/v7-m/nofp\libc_nano.a(libc_a-exit.o) (__stdio_exit_handler)
D:/Office Soft/STM32CubeIDE_1.13.0/STM32CubeIDE/plugins/com.st.stm32cube.ide.mcu.externaltools.gnu-tools-for-stm32.11.3.rel1.win32_1.1.0.202305231506/tools/bin/../lib/gcc/arm-none-eabi/11.3.1/../../../../arm-none-eabi/lib/thumb/v7-m/nofp\libc_nano.a(libc_a-fwalk.o)
                              D:/Office Soft/STM32CubeIDE_1.13.0/STM32CubeIDE/plugins/com.st.stm32cube.ide.mcu.externaltools.gnu-tools-for-stm32.11.3.rel1.win32_1.1.0.202305231506/tools/bin/../lib/gcc/arm-none-eabi/11.3.1/../../../../arm-none-eabi/lib/thumb/v7-m/nofp\libc_nano.a(libc_a-findfp.o) (_fwalk_sglue)
D:/Office Soft/STM32CubeIDE_1.13.0/STM32CubeIDE/plugins/com.st.stm32cube.ide.mcu.externaltools.gnu-tools-for-stm32.11.3.rel1.win32_1.1.0.202305231506/tools/bin/../lib/gcc/arm-none-eabi/11.3.1/../../../../arm-none-eabi/lib/thumb/v7-m/nofp\libc_nano.a(libc_a-stdio.o)
                              D:/Office Soft/STM32CubeIDE_1.13.0/STM32CubeIDE/plugins/com.st.stm32cube.ide.mcu.externaltools.gnu-tools-for-stm32.11.3.rel1.win32_1.1.0.202305231506/tools/bin/../lib/gcc/arm-none-eabi/11.3.1/../../../../arm-none-eabi/lib/thumb/v7-m/nofp\libc_nano.a(libc_a-findfp.o) (__sread)
D:/Office Soft/STM32CubeIDE_1.13.0/STM32CubeIDE/plugins/com.st.stm32cube.ide.mcu.externaltools.gnu-tools-for-stm32.11.3.rel1.win32_1.1.0.202305231506/tools/bin/../lib/gcc/arm-none-eabi/11.3.1/../../../../arm-none-eabi/lib/thumb/v7-m/nofp\libc_nano.a(libc_a-memset.o)
                              D:/Office Soft/STM32CubeIDE_1.13.0/STM32CubeIDE/plugins/com.st.stm32cube.ide.mcu.externaltools.gnu-tools-for-stm32.11.3.rel1.win32_1.1.0.202305231506/tools/bin/../lib/gcc/arm-none-eabi/11.3.1/../../../../arm-none-eabi/lib/thumb/v7-m/nofp/crt0.o (memset)
D:/Office Soft/STM32CubeIDE_1.13.0/STM32CubeIDE/plugins/com.st.stm32cube.ide.mcu.externaltools.gnu-tools-for-stm32.11.3.rel1.win32_1.1.0.202305231506/tools/bin/../lib/gcc/arm-none-eabi/11.3.1/../../../../arm-none-eabi/lib/thumb/v7-m/nofp\libc_nano.a(libc_a-closer.o)
                              D:/Office Soft/STM32CubeIDE_1.13.0/STM32CubeIDE/plugins/com.st.stm32cube.ide.mcu.externaltools.gnu-tools-for-stm32.11.3.rel1.win32_1.1.0.202305231506/tools/bin/../lib/gcc/arm-none-eabi/11.3.1/../../../../arm-none-eabi/lib/thumb/v7-m/nofp\libc_nano.a(libc_a-stdio.o) (_close_r)
D:/Office Soft/STM32CubeIDE_1.13.0/STM32CubeIDE/plugins/com.st.stm32cube.ide.mcu.externaltools.gnu-tools-for-stm32.11.3.rel1.win32_1.1.0.202305231506/tools/bin/../lib/gcc/arm-none-eabi/11.3.1/../../../../arm-none-eabi/lib/thumb/v7-m/nofp\libc_nano.a(libc_a-reent.o)
                              D:/Office Soft/STM32CubeIDE_1.13.0/STM32CubeIDE/plugins/com.st.stm32cube.ide.mcu.externaltools.gnu-tools-for-stm32.11.3.rel1.win32_1.1.0.202305231506/tools/bin/../lib/gcc/arm-none-eabi/11.3.1/../../../../arm-none-eabi/lib/thumb/v7-m/nofp\libc_nano.a(libc_a-closer.o) (errno)
D:/Office Soft/STM32CubeIDE_1.13.0/STM32CubeIDE/plugins/com.st.stm32cube.ide.mcu.externaltools.gnu-tools-for-stm32.11.3.rel1.win32_1.1.0.202305231506/tools/bin/../lib/gcc/arm-none-eabi/11.3.1/../../../../arm-none-eabi/lib/thumb/v7-m/nofp\libc_nano.a(libc_a-impure.o)
                              D:/Office Soft/STM32CubeIDE_1.13.0/STM32CubeIDE/plugins/com.st.stm32cube.ide.mcu.externaltools.gnu-tools-for-stm32.11.3.rel1.win32_1.1.0.202305231506/tools/bin/../lib/gcc/arm-none-eabi/11.3.1/../../../../arm-none-eabi/lib/thumb/v7-m/nofp\libc_nano.a(libc_a-reent.o) (_impure_ptr)
D:/Office Soft/STM32CubeIDE_1.13.0/STM32CubeIDE/plugins/com.st.stm32cube.ide.mcu.externaltools.gnu-tools-for-stm32.11.3.rel1.win32_1.1.0.202305231506/tools/bin/../lib/gcc/arm-none-eabi/11.3.1/../../../../arm-none-eabi/lib/thumb/v7-m/nofp\libc_nano.a(libc_a-lseekr.o)
[...]
Memory Configuration

Name             Origin             Length             Attributes
RAM              0x0000000020000000 0x000000000000c000 xrw
FLASH            0x0000000008000000 0x0000000000040000 xr
*default*        0x0000000000000000 0xffffffffffffffff

Linker script and memory map

LOAD D:/Office Soft/STM32CubeIDE_1.13.0/STM32CubeIDE/plugins/com.st.stm32cube.ide.mcu.externaltools.gnu-tools-for-stm32.11.3.rel1.win32_1.1.0.202305231506/tools/bin/../lib/gcc/arm-none-eabi/11.3.1/thumb/v7-m/nofp/crti.o
LOAD D:/Office Soft/STM32CubeIDE_1.13.0/STM32CubeIDE/plugins/com.st.stm32cube.ide.mcu.externaltools.gnu-tools-for-stm32.11.3.rel1.win32_1.1.0.202305231506/tools/bin/../lib/gcc/arm-none-eabi/11.3.1/thumb/v7-m/nofp/crtbegin.o
LOAD D:/Office Soft/STM32CubeIDE_1.13.0/STM32CubeIDE/plugins/com.st.stm32cube.ide.mcu.externaltools.gnu-tools-for-stm32.11.3.rel1.win32_1.1.0.202305231506/tools/bin/../lib/gcc/arm-none-eabi/11.3.1/../../../../arm-none-eabi/lib/thumb/v7-m/nofp/crt0.o
LOAD ./Core/Src/gpio.o
LOAD ./Core/Src/main.o
LOAD ./Core/Src/stm32f1xx_hal_msp.o
LOAD ./Core/Src/stm32f1xx_it.o
LOAD ./Core/Src/syscalls.o
LOAD ./Core/Src/sysmem.o
LOAD ./Core/Src/system_stm32f1xx.o
LOAD ./Core/Src/tim.o
LOAD ./Core/Startup/startup_stm32f103rctx.o
LOAD ./Drivers/STM32F1xx_HAL_Driver/Src/stm32f1xx_hal.o
LOAD ./Drivers/STM32F1xx_HAL_Driver/Src/stm32f1xx_hal_cortex.o
LOAD ./Drivers/STM32F1xx_HAL_Driver/Src/stm32f1xx_hal_dma.o
LOAD ./Drivers/STM32F1xx_HAL_Driver/Src/stm32f1xx_hal_exti.o
LOAD ./Drivers/STM32F1xx_HAL_Driver/Src/stm32f1xx_hal_flash.o
LOAD ./Drivers/STM32F1xx_HAL_Driver/Src/stm32f1xx_hal_flash_ex.o
LOAD ./Drivers/STM32F1xx_HAL_Driver/Src/stm32f1xx_hal_gpio.o
LOAD ./Drivers/STM32F1xx_HAL_Driver/Src/stm32f1xx_hal_gpio_ex.o
LOAD ./Drivers/STM32F1xx_HAL_Driver/Src/stm32f1xx_hal_pwr.o
LOAD ./Drivers/STM32F1xx_HAL_Driver/Src/stm32f1xx_hal_rcc.o
LOAD ./Drivers/STM32F1xx_HAL_Driver/Src/stm32f1xx_hal_rcc_ex.o
LOAD ./Drivers/STM32F1xx_HAL_Driver/Src/stm32f1xx_hal_tim.o
LOAD ./Drivers/STM32F1xx_HAL_Driver/Src/stm32f1xx_hal_tim_ex.o
START GROUP
LOAD D:/Office Soft/STM32CubeIDE_1.13.0/STM32CubeIDE/plugins/com.st.stm32cube.ide.mcu.externaltools.gnu-tools-for-stm32.11.3.rel1.win32_1.1.0.202305231506/tools/bin/../lib/gcc/arm-none-eabi/11.3.1/../../../../arm-none-eabi/lib/thumb/v7-m/nofp\libc_nano.a
LOAD D:/Office Soft/STM32CubeIDE_1.13.0/STM32CubeIDE/plugins/com.st.stm32cube.ide.mcu.externaltools.gnu-tools-for-stm32.11.3.rel1.win32_1.1.0.202305231506/tools/bin/../lib/gcc/arm-none-eabi/11.3.1/../../../../arm-none-eabi/lib/thumb/v7-m/nofp\libm.a
END GROUP
START GROUP
LOAD D:/Office Soft/STM32CubeIDE_1.13.0/STM32CubeIDE/plugins/com.st.stm32cube.ide.mcu.externaltools.gnu-tools-for-stm32.11.3.rel1.win32_1.1.0.202305231506/tools/bin/../lib/gcc/arm-none-eabi/11.3.1/thumb/v7-m/nofp\libgcc.a
LOAD D:/Office Soft/STM32CubeIDE_1.13.0/STM32CubeIDE/plugins/com.st.stm32cube.ide.mcu.externaltools.gnu-tools-for-stm32.11.3.rel1.win32_1.1.0.202305231506/tools/bin/../lib/gcc/arm-none-eabi/11.3.1/../../../../arm-none-eabi/lib/thumb/v7-m/nofp\libc_nano.a
END GROUP
START GROUP
LOAD D:/Office Soft/STM32CubeIDE_1.13.0/STM32CubeIDE/plugins/com.st.stm32cube.ide.mcu.externaltools.gnu-tools-for-stm32.11.3.rel1.win32_1.1.0.202305231506/tools/bin/../lib/gcc/arm-none-eabi/11.3.1/thumb/v7-m/nofp\libgcc.a
LOAD D:/Office Soft/STM32CubeIDE_1.13.0/STM32CubeIDE/plugins/com.st.stm32cube.ide.mcu.externaltools.gnu-tools-for-stm32.11.3.rel1.win32_1.1.0.202305231506/tools/bin/../lib/gcc/arm-none-eabi/11.3.1/../../../../arm-none-eabi/lib/thumb/v7-m/nofp\libc_nano.a
LOAD D:/Office Soft/STM32CubeIDE_1.13.0/STM32CubeIDE/plugins/com.st.stm32cube.ide.mcu.externaltools.gnu-tools-for-stm32.11.3.rel1.win32_1.1.0.202305231506/tools/bin/../lib/gcc/arm-none-eabi/11.3.1/../../../../arm-none-eabi/lib/thumb/v7-m/nofp\libnosys.a
END GROUP
START GROUP
LOAD D:/Office Soft/STM32CubeIDE_1.13.0/STM32CubeIDE/plugins/com.st.stm32cube.ide.mcu.externaltools.gnu-tools-for-stm32.11.3.rel1.win32_1.1.0.202305231506/tools/bin/../lib/gcc/arm-none-eabi/11.3.1/thumb/v7-m/nofp\libgcc.a
LOAD D:/Office Soft/STM32CubeIDE_1.13.0/STM32CubeIDE/plugins/com.st.stm32cube.ide.mcu.externaltools.gnu-tools-for-stm32.11.3.rel1.win32_1.1.0.202305231506/tools/bin/../lib/gcc/arm-none-eabi/11.3.1/../../../../arm-none-eabi/lib/thumb/v7-m/nofp\libc_nano.a
LOAD D:/Office Soft/STM32CubeIDE_1.13.0/STM32CubeIDE/plugins/com.st.stm32cube.ide.mcu.externaltools.gnu-tools-for-stm32.11.3.rel1.win32_1.1.0.202305231506/tools/bin/../lib/gcc/arm-none-eabi/11.3.1/../../../../arm-none-eabi/lib/thumb/v7-m/nofp\libnosys.a
END GROUP
LOAD D:/Office Soft/STM32CubeIDE_1.13.0/STM32CubeIDE/plugins/com.st.stm32cube.ide.mcu.externaltools.gnu-tools-for-stm32.11.3.rel1.win32_1.1.0.202305231506/tools/bin/../lib/gcc/arm-none-eabi/11.3.1/thumb/v7-m/nofp/crtend.o
LOAD D:/Office Soft/STM32CubeIDE_1.13.0/STM32CubeIDE/plugins/com.st.stm32cube.ide.mcu.externaltools.gnu-tools-for-stm32.11.3.rel1.win32_1.1.0.202305231506/tools/bin/../lib/gcc/arm-none-eabi/11.3.1/thumb/v7-m/nofp/crtn.o
                0x000000002000c000                _estack = (ORIGIN (RAM) + LENGTH (RAM))
                0x0000000000000200                _Min_Heap_Size = 0x200
                0x0000000000000400                _Min_Stack_Size = 0x400

.isr_vector     0x0000000008000000      0x1e4
                0x0000000008000000                . = ALIGN (0x4)
 *(.isr_vector)
 .isr_vector    0x0000000008000000      0x1e4 ./Core/Startup/startup_stm32f103rctx.o
                0x0000000008000000                g_pfnVectors
                0x00000000080001e4                . = ALIGN (0x4)

.text           0x00000000080001e4     0x23e8
                0x00000000080001e4                . = ALIGN (0x4)
 *(.text)
 .text          0x00000000080001e4       0x40 D:/Office Soft/STM32CubeIDE_1.13.0/STM32CubeIDE/plugins/com.st.stm32cube.ide.mcu.externaltools.gnu-tools-for-stm32.11.3.rel1.win32_1.1.0.202305231506/tools/bin/../lib/gcc/arm-none-eabi/11.3.1/thumb/v7-m/nofp/crtbegin.o
 .text          0x0000000008000224      0x378 D:/Office Soft/STM32CubeIDE_1.13.0/STM32CubeIDE/plugins/com.st.stm32cube.ide.mcu.externaltools.gnu-tools-for-stm32.11.3.rel1.win32_1.1.0.202305231506/tools/bin/../lib/gcc/arm-none-eabi/11.3.1/thumb/v7-m/nofp\libgcc.a(_arm_addsubdf3.o)
                0x0000000008000224                __aeabi_drsub
                0x000000000800022c                __aeabi_dsub
                0x000000000800022c                __subdf3
                0x0000000008000230                __aeabi_dadd
                0x0000000008000230                __adddf3
                0x00000000080004a8                __floatunsidf
                0x00000000080004a8                __aeabi_ui2d
                0x00000000080004c8                __floatsidf
                0x00000000080004c8                __aeabi_i2d
                0x00000000080004ec                __aeabi_f2d
                0x00000000080004ec                __extendsfdf2
                0x0000000008000530                __floatundidf
                0x0000000008000530                __aeabi_ul2d
                0x0000000008000540                __floatdidf
                0x0000000008000540                __aeabi_l2d
 .text          0x000000000800059c       0x40 D:/Office Soft/STM32CubeIDE_1.13.0/STM32CubeIDE/plugins/com.st.stm32cube.ide.mcu.externaltools.gnu-tools-for-stm32.11.3.rel1.win32_1.1.0.202305231506/tools/bin/../lib/gcc/arm-none-eabi/11.3.1/thumb/v7-m/nofp\libgcc.a(_arm_fixunsdfsi.o)
                0x000000000800059c                __aeabi_d2uiz
                0x000000000800059c                __fixunsdfsi
 *(.text*)
 .text.MX_GPIO_Init
                0x00000000080005dc       0xac ./Core/Src/gpio.o
                0x00000000080005dc                MX_GPIO_Init
 .text.Left_Go  0x0000000008000688       0x20 ./Core/Src/main.o
                0x0000000008000688                Left_Go
 .text.Right_Go
                0x00000000080006a8       0x20 ./Core/Src/main.o
                0x00000000080006a8                Right_Go
 .text.Left_Back
                0x00000000080006c8       0x20 ./Core/Src/main.o
                0x00000000080006c8                Left_Back
 .text.Right_Back
                0x00000000080006e8       0x20 ./Core/Src/main.o
                0x00000000080006e8                Right_Back
 .text.Left_Stop
                0x0000000008000708       0x20 ./Core/Src/main.o
                0x0000000008000708                Left_Stop
 .text.Right_Stop
                0x0000000008000728       0x20 ./Core/Src/main.o
                0x0000000008000728                Right_Stop
 .text.MotorControl
                0x0000000008000748       0x80 ./Core/Src/main.o
                0x0000000008000748                MotorControl
 .text.Set_Servo_angle
                0x00000000080007c8       0x98 ./Core/Src/main.o
                0x00000000080007c8                Set_Servo_angle
 .text.main     0x0000000008000860       0xe8 ./Core/Src/main.o
                0x0000000008000860                main
 .text.SystemClock_Config
                0x0000000008000948       0x8a ./Core/Src/main.o
                0x0000000008000948                SystemClock_Config
 .text.Error_Handler
                0x00000000080009d2        0xa ./Core/Src/main.o
                0x00000000080009d2                Error_Handler
 .text.HAL_MspInit
                0x00000000080009dc       0x64 ./Core/Src/stm32f1xx_hal_msp.o
                0x00000000080009dc                HAL_MspInit
 .text.NMI_Handler
                0x0000000008000a40        0x6 ./Core/Src/stm32f1xx_it.o
                0x0000000008000a40                NMI_Handler
 .text.HardFault_Handler
                0x0000000008000a46        0x6 ./Core/Src/stm32f1xx_it.o
                0x0000000008000a46                HardFault_Handler
 .text.MemManage_Handler
                0x0000000008000a4c        0x6 ./Core/Src/stm32f1xx_it.o
                0x0000000008000a4c                MemManage_Handler
 .text.BusFault_Handler
                0x0000000008000a52        0x6 ./Core/Src/stm32f1xx_it.o
                0x0000000008000a52                BusFault_Handler
 .text.UsageFault_Handler
                0x0000000008000a58        0x6 ./Core/Src/stm32f1xx_it.o
                0x0000000008000a58                UsageFault_Handler
 .text.SVC_Handler
                0x0000000008000a5e        0xc ./Core/Src/stm32f1xx_it.o
                0x0000000008000a5e                SVC_Handler
 .text.DebugMon_Handler
                0x0000000008000a6a        0xc ./Core/Src/stm32f1xx_it.o
                0x0000000008000a6a                DebugMon_Handler
 .text.PendSV_Handler
                0x0000000008000a76        0xc ./Core/Src/stm32f1xx_it.o
                0x0000000008000a76                PendSV_Handler
 .text.SysTick_Handler
                0x0000000008000a82        0xc ./Core/Src/stm32f1xx_it.o
                0x0000000008000a82                SysTick_Handler
 .text.SystemInit
                0x0000000008000a8e        0xc ./Core/Src/system_stm32f1xx.o
                0x0000000008000a8e                SystemInit
 *fill*         0x0000000008000a9a        0x2 
 .text.MX_TIM4_Init
                0x0000000008000a9c       0xb4 ./Core/Src/tim.o
                0x0000000008000a9c                MX_TIM4_Init
 .text.MX_TIM8_Init
                0x0000000008000b50      0x120 ./Core/Src/tim.o
                0x0000000008000b50                MX_TIM8_Init
 .text.HAL_TIM_PWM_MspInit
                0x0000000008000c70       0x64 ./Core/Src/tim.o
                0x0000000008000c70                HAL_TIM_PWM_MspInit
 .text.HAL_TIM_MspPostInit
                0x0000000008000cd4       0xac ./Core/Src/tim.o
                0x0000000008000cd4                HAL_TIM_MspPostInit
 .text.Reset_Handler
                0x0000000008000d80       0x48 ./Core/Startup/startup_stm32f103rctx.o
                0x0000000008000d80                Reset_Handler
 .text.Default_Handler
                0x0000000008000dc8        0x2 ./Core/Startup/startup_stm32f103rctx.o
                0x0000000008000dc8                RTC_Alarm_IRQHandler
                0x0000000008000dc8                EXTI2_IRQHandler
                0x0000000008000dc8                TIM8_TRG_COM_IRQHandler
                0x0000000008000dc8                TIM8_CC_IRQHandler
                0x0000000008000dc8                TIM1_CC_IRQHandler
                0x0000000008000dc8                TIM6_IRQHandler
                0x0000000008000dc8                PVD_IRQHandler
                0x0000000008000dc8                SDIO_IRQHandler
                0x0000000008000dc8                EXTI3_IRQHandler
                0x0000000008000dc8                EXTI0_IRQHandler
                0x0000000008000dc8                I2C2_EV_IRQHandler
                0x0000000008000dc8                ADC1_2_IRQHandler
                0x0000000008000dc8                SPI1_IRQHandler
                0x0000000008000dc8                TAMPER_IRQHandler
                0x0000000008000dc8                TIM8_UP_IRQHandler
                0x0000000008000dc8                DMA2_Channel2_IRQHandler
                0x0000000008000dc8                DMA1_Channel4_IRQHandler
                0x0000000008000dc8                USART3_IRQHandler
                0x0000000008000dc8                RTC_IRQHandler
                0x0000000008000dc8                DMA1_Channel7_IRQHandler
                0x0000000008000dc8                CAN1_RX1_IRQHandler
                0x0000000008000dc8                UART5_IRQHandler
                0x0000000008000dc8                ADC3_IRQHandler
                0x0000000008000dc8                TIM4_IRQHandler
                0x0000000008000dc8                DMA2_Channel1_IRQHandler
                0x0000000008000dc8                I2C1_EV_IRQHandler
                0x0000000008000dc8                DMA1_Channel6_IRQHandler
                0x0000000008000dc8                UART4_IRQHandler
                0x0000000008000dc8                TIM3_IRQHandler
                0x0000000008000dc8                RCC_IRQHandler
                0x0000000008000dc8                TIM1_TRG_COM_IRQHandler
                0x0000000008000dc8                DMA1_Channel1_IRQHandler
                0x0000000008000dc8                Default_Handler
                0x0000000008000dc8                EXTI15_10_IRQHandler
                0x0000000008000dc8                TIM7_IRQHandler
                0x0000000008000dc8                TIM5_IRQHandler
                0x0000000008000dc8                EXTI9_5_IRQHandler
                0x0000000008000dc8                SPI2_IRQHandler
                0x0000000008000dc8                DMA1_Channel5_IRQHandler
                0x0000000008000dc8                EXTI4_IRQHandler
                0x0000000008000dc8                USB_LP_CAN1_RX0_IRQHandler
                0x0000000008000dc8                USB_HP_CAN1_TX_IRQHandler
                0x0000000008000dc8                DMA1_Channel3_IRQHandler
                0x0000000008000dc8                FSMC_IRQHandler
                0x0000000008000dc8                TIM1_UP_IRQHandler
                0x0000000008000dc8                WWDG_IRQHandler
                0x0000000008000dc8                TIM2_IRQHandler
                0x0000000008000dc8                TIM1_BRK_IRQHandler
                0x0000000008000dc8                EXTI1_IRQHandler
                0x0000000008000dc8                DMA2_Channel4_5_IRQHandler
                0x0000000008000dc8                USART2_IRQHandler
                0x0000000008000dc8                I2C2_ER_IRQHandler
                0x0000000008000dc8                DMA1_Channel2_IRQHandler
                0x0000000008000dc8                TIM8_BRK_IRQHandler
                0x0000000008000dc8                CAN1_SCE_IRQHandler
                0x0000000008000dc8                FLASH_IRQHandler
                0x0000000008000dc8                USART1_IRQHandler
                0x0000000008000dc8                SPI3_IRQHandler
                0x0000000008000dc8                I2C1_ER_IRQHandler
                0x0000000008000dc8                USBWakeUp_IRQHandler
                0x0000000008000dc8                DMA2_Channel3_IRQHandler
 *fill*         0x0000000008000dca        0x2 
 .text.HAL_Init
                0x0000000008000dcc       0x2c ./Drivers/STM32F1xx_HAL_Driver/Src/stm32f1xx_hal.o
                0x0000000008000dcc                HAL_Init
 .text.HAL_InitTick
                0x0000000008000df8       0x60 ./Drivers/STM32F1xx_HAL_Driver/Src/stm32f1xx_hal.o
                0x0000000008000df8                HAL_InitTick
 .text.HAL_IncTick
                0x0000000008000e58       0x24 ./Drivers/STM32F1xx_HAL_Driver/Src/stm32f1xx_hal.o
                0x0000000008000e58                HAL_IncTick
 .text.HAL_GetTick
                0x0000000008000e7c       0x14 ./Drivers/STM32F1xx_HAL_Driver/Src/stm32f1xx_hal.o
                0x0000000008000e7c                HAL_GetTick
 .text.HAL_Delay
                0x0000000008000e90       0x48 ./Drivers/STM32F1xx_HAL_Driver/Src/stm32f1xx_hal.o
                0x0000000008000e90                HAL_Delay
 .text.__NVIC_SetPriorityGrouping
                0x0000000008000ed8       0x48 ./Drivers/STM32F1xx_HAL_Driver/Src/stm32f1xx_hal_cortex.o
 .text.__NVIC_GetPriorityGrouping
                0x0000000008000f20       0x1c ./Drivers/STM32F1xx_HAL_Driver/Src/stm32f1xx_hal_cortex.o
 .text.__NVIC_SetPriority
                0x0000000008000f3c       0x54 ./Drivers/STM32F1xx_HAL_Driver/Src/stm32f1xx_hal_cortex.o
 .text.NVIC_EncodePriority
                0x0000000008000f90       0x64 ./Drivers/STM32F1xx_HAL_Driver/Src/stm32f1xx_hal_cortex.o
 .text.SysTick_Config
                0x0000000008000ff4       0x44 ./Drivers/STM32F1xx_HAL_Driver/Src/stm32f1xx_hal_cortex.o
 .text.HAL_NVIC_SetPriorityGrouping
                0x0000000008001038       0x16 ./Drivers/STM32F1xx_HAL_Driver/Src/stm32f1xx_hal_cortex.o
                0x0000000008001038                HAL_NVIC_SetPriorityGrouping
 .text.HAL_NVIC_SetPriority
                0x000000000800104e       0x38 ./Drivers/STM32F1xx_HAL_Driver/Src/stm32f1xx_hal_cortex.o
                0x000000000800104e                HAL_NVIC_SetPriority
 .text.HAL_SYSTICK_Config
                0x0000000008001086       0x18 ./Drivers/STM32F1xx_HAL_Driver/Src/stm32f1xx_hal_cortex.o
                0x0000000008001086                HAL_SYSTICK_Config
 *fill*         0x000000000800109e        0x2 
 .text.HAL_GPIO_Init
                0x00000000080010a0      0x328 ./Drivers/STM32F1xx_HAL_Driver/Src/stm32f1xx_hal_gpio.o
                0x00000000080010a0                HAL_GPIO_Init
 .text.HAL_GPIO_WritePin
                0x00000000080013c8       0x30 ./Drivers/STM32F1xx_HAL_Driver/Src/stm32f1xx_hal_gpio.o
                0x00000000080013c8                HAL_GPIO_WritePin
 .text.HAL_RCC_OscConfig
                0x00000000080013f8      0x504 ./Drivers/STM32F1xx_HAL_Driver/Src/stm32f1xx_hal_rcc.o
                0x00000000080013f8                HAL_RCC_OscConfig
 .text.HAL_RCC_ClockConfig
                0x00000000080018fc      0x1d4 ./Drivers/STM32F1xx_HAL_Driver/Src/stm32f1xx_hal_rcc.o
                0x00000000080018fc                HAL_RCC_ClockConfig
 .text.HAL_RCC_GetSysClockFreq
                0x0000000008001ad0       0xa8 ./Drivers/STM32F1xx_HAL_Driver/Src/stm32f1xx_hal_rcc.o
                0x0000000008001ad0                HAL_RCC_GetSysClockFreq
 .text.RCC_Delay
                0x0000000008001b78       0x3c ./Drivers/STM32F1xx_HAL_Driver/Src/stm32f1xx_hal_rcc.o
 .text.HAL_TIM_PWM_Init
                0x0000000008001bb4       0x9e ./Drivers/STM32F1xx_HAL_Driver/Src/stm32f1xx_hal_tim.o
                0x0000000008001bb4                HAL_TIM_PWM_Init
 *fill*         0x0000000008001c52        0x2 
 .text.HAL_TIM_PWM_Start
                0x0000000008001c54      0x174 ./Drivers/STM32F1xx_HAL_Driver/Src/stm32f1xx_hal_tim.o
                0x0000000008001c54                HAL_TIM_PWM_Start
 .text.HAL_TIM_PWM_ConfigChannel
                0x0000000008001dc8      0x184 ./Drivers/STM32F1xx_HAL_Driver/Src/stm32f1xx_hal_tim.o
                0x0000000008001dc8                HAL_TIM_PWM_ConfigChannel
 .text.TIM_Base_SetConfig
                0x0000000008001f4c       0xf4 ./Drivers/STM32F1xx_HAL_Driver/Src/stm32f1xx_hal_tim.o
                0x0000000008001f4c                TIM_Base_SetConfig
 .text.TIM_OC1_SetConfig
                0x0000000008002040       0xe0 ./Drivers/STM32F1xx_HAL_Driver/Src/stm32f1xx_hal_tim.o
 .text.TIM_OC2_SetConfig
                0x0000000008002120       0xe8 ./Drivers/STM32F1xx_HAL_Driver/Src/stm32f1xx_hal_tim.o
                0x0000000008002120                TIM_OC2_SetConfig
 .text.TIM_OC3_SetConfig
                0x0000000008002208       0xe8 ./Drivers/STM32F1xx_HAL_Driver/Src/stm32f1xx_hal_tim.o
 .text.TIM_OC4_SetConfig
                0x00000000080022f0       0xa8 ./Drivers/STM32F1xx_HAL_Driver/Src/stm32f1xx_hal_tim.o
 .text.TIM_CCxChannelCmd
                0x0000000008002398       0x48 ./Drivers/STM32F1xx_HAL_Driver/Src/stm32f1xx_hal_tim.o
                0x0000000008002398                TIM_CCxChannelCmd
 .text.HAL_TIMEx_MasterConfigSynchronization
                0x00000000080023e0       0xd8 ./Drivers/STM32F1xx_HAL_Driver/Src/stm32f1xx_hal_tim_ex.o
                0x00000000080023e0                HAL_TIMEx_MasterConfigSynchronization
 .text.HAL_TIMEx_ConfigBreakDeadTime
                0x00000000080024b8       0xa2 ./Drivers/STM32F1xx_HAL_Driver/Src/stm32f1xx_hal_tim_ex.o
                0x00000000080024b8                HAL_TIMEx_ConfigBreakDeadTime
 .text.memset   0x000000000800255a       0x10 D:/Office Soft/STM32CubeIDE_1.13.0/STM32CubeIDE/plugins/com.st.stm32cube.ide.mcu.externaltools.gnu-tools-for-stm32.11.3.rel1.win32_1.1.0.202305231506/tools/bin/../lib/gcc/arm-none-eabi/11.3.1/../../../../arm-none-eabi/lib/thumb/v7-m/nofp\libc_nano.a(libc_a-memset.o)
                0x000000000800255a                memset
 *fill*         0x000000000800256a        0x2 
 .text.__libc_init_array
                0x000000000800256c       0x48 D:/Office Soft/STM32CubeIDE_1.13.0/STM32CubeIDE/plugins/com.st.stm32cube.ide.mcu.externaltools.gnu-tools-for-stm32.11.3.rel1.win32_1.1.0.202305231506/tools/bin/../lib/gcc/arm-none-eabi/11.3.1/../../../../arm-none-eabi/lib/thumb/v7-m/nofp\libc_nano.a(libc_a-init.o)
                0x000000000800256c                __libc_init_array
 *(.glue_7)
 .glue_7        0x00000000080025b4        0x0 linker stubs
 *(.glue_7t)
 .glue_7t       0x00000000080025b4        0x0 linker stubs
 *(.eh_frame)
 .eh_frame      0x00000000080025b4        0x0 D:/Office Soft/STM32CubeIDE_1.13.0/STM32CubeIDE/plugins/com.st.stm32cube.ide.mcu.externaltools.gnu-tools-for-stm32.11.3.rel1.win32_1.1.0.202305231506/tools/bin/../lib/gcc/arm-none-eabi/11.3.1/thumb/v7-m/nofp/crtbegin.o
 *(.init)
 .init          0x00000000080025b4        0x4 D:/Office Soft/STM32CubeIDE_1.13.0/STM32CubeIDE/plugins/com.st.stm32cube.ide.mcu.externaltools.gnu-tools-for-stm32.11.3.rel1.win32_1.1.0.202305231506/tools/bin/../lib/gcc/arm-none-eabi/11.3.1/thumb/v7-m/nofp/crti.o
                0x00000000080025b4                _init
 .init          0x00000000080025b8        0x8 D:/Office Soft/STM32CubeIDE_1.13.0/STM32CubeIDE/plugins/com.st.stm32cube.ide.mcu.externaltools.gnu-tools-for-stm32.11.3.rel1.win32_1.1.0.202305231506/tools/bin/../lib/gcc/arm-none-eabi/11.3.1/thumb/v7-m/nofp/crtn.o
 *(.fini)
 .fini          0x00000000080025c0        0x4 D:/Office Soft/STM32CubeIDE_1.13.0/STM32CubeIDE/plugins/com.st.stm32cube.ide.mcu.externaltools.gnu-tools-for-stm32.11.3.rel1.win32_1.1.0.202305231506/tools/bin/../lib/gcc/arm-none-eabi/11.3.1/thumb/v7-m/nofp/crti.o
                0x00000000080025c0                _fini
 .fini          0x00000000080025c4        0x8 D:/Office Soft/STM32CubeIDE_1.13.0/STM32CubeIDE/plugins/com.st.stm32cube.ide.mcu.externaltools.gnu-tools-for-stm32.11.3.rel1.win32_1.1.0.202305231506/tools/bin/../lib/gcc/arm-none-eabi/11.3.1/thumb/v7-m/nofp/crtn.o
                0x00000000080025cc                . = ALIGN (0x4)
                0x00000000080025cc                _etext = .

.vfp11_veneer   0x00000000080025cc        0x0
 .vfp11_veneer  0x00000000080025cc        0x0 linker stubs

.v4_bx          0x00000000080025cc        0x0
 .v4_bx         0x00000000080025cc        0x0 linker stubs

.iplt           0x00000000080025cc        0x0
 .iplt          0x00000000080025cc        0x0 D:/Office Soft/STM32CubeIDE_1.13.0/STM32CubeIDE/plugins/com.st.stm32cube.ide.mcu.externaltools.gnu-tools-for-stm32.11.3.rel1.win32_1.1.0.202305231506/tools/bin/../lib/gcc/arm-none-eabi/11.3.1/thumb/v7-m/nofp/crtbegin.o

.rodata         0x00000000080025cc       0x24
                0x00000000080025cc                . = ALIGN (0x4)
 *(.rodata)
 *(.rodata*)
 .rodata.AHBPrescTable
                0x00000000080025cc       0x10 ./Core/Src/system_stm32f1xx.o
                0x00000000080025cc                AHBPrescTable
 .rodata.aPLLMULFactorTable.1
                0x00000000080025dc       0x10 ./Drivers/STM32F1xx_HAL_Driver/Src/stm32f1xx_hal_rcc.o
 .rodata.aPredivFactorTable.0
                0x00000000080025ec        0x2 ./Drivers/STM32F1xx_HAL_Driver/Src/stm32f1xx_hal_rcc.o
                0x00000000080025f0                . = ALIGN (0x4)
 *fill*         0x00000000080025ee        0x2 

.rel.dyn        0x00000000080025f0        0x0
 .rel.iplt      0x00000000080025f0        0x0 D:/Office Soft/STM32CubeIDE_1.13.0/STM32CubeIDE/plugins/com.st.stm32cube.ide.mcu.externaltools.gnu-tools-for-stm32.11.3.rel1.win32_1.1.0.202305231506/tools/bin/../lib/gcc/arm-none-eabi/11.3.1/thumb/v7-m/nofp/crtbegin.o

.ARM.extab      0x00000000080025f0        0x0
                0x00000000080025f0                . = ALIGN (0x4)
 *(.ARM.extab* .gnu.linkonce.armextab.*)
                0x00000000080025f0                . = ALIGN (0x4)

.ARM            0x00000000080025f0        0x0
                0x00000000080025f0                . = ALIGN (0x4)
                0x00000000080025f0                __exidx_start = .
 *(.ARM.exidx*)
                0x00000000080025f0                __exidx_end = .
                0x00000000080025f0                . = ALIGN (0x4)

.preinit_array  0x00000000080025f0        0x0
                0x00000000080025f0                . = ALIGN (0x4)
                0x00000000080025f0                PROVIDE (__preinit_array_start = .)
 *(.preinit_array*)
                0x00000000080025f0                PROVIDE (__preinit_array_end = .)
                0x00000000080025f0                . = ALIGN (0x4)

.init_array     0x00000000080025f0        0x4
                0x00000000080025f0                . = ALIGN (0x4)
                0x00000000080025f0                PROVIDE (__init_array_start = .)
 *(SORT_BY_NAME(.init_array.*))
 *(.init_array*)
 .init_array    0x00000000080025f0        0x4 D:/Office Soft/STM32CubeIDE_1.13.0/STM32CubeIDE/plugins/com.st.stm32cube.ide.mcu.externaltools.gnu-tools-for-stm32.11.3.rel1.win32_1.1.0.202305231506/tools/bin/../lib/gcc/arm-none-eabi/11.3.1/thumb/v7-m/nofp/crtbegin.o
                0x00000000080025f4                PROVIDE (__init_array_end = .)
                0x00000000080025f4                . = ALIGN (0x4)

.fini_array     0x00000000080025f4        0x4
                0x00000000080025f4                . = ALIGN (0x4)
                [!provide]                        PROVIDE (__fini_array_start = .)
 *(SORT_BY_NAME(.fini_array.*))
 *(.fini_array*)
 .fini_array    0x00000000080025f4        0x4 D:/Office Soft/STM32CubeIDE_1.13.0/STM32CubeIDE/plugins/com.st.stm32cube.ide.mcu.externaltools.gnu-tools-for-stm32.11.3.rel1.win32_1.1.0.202305231506/tools/bin/../lib/gcc/arm-none-eabi/11.3.1/thumb/v7-m/nofp/crtbegin.o
                [!provide]                        PROVIDE (__fini_array_end = .)
                0x00000000080025f8                . = ALIGN (0x4)
                0x00000000080025f8                _sidata = LOADADDR (.data)

.data           0x0000000020000000        0xc load address 0x00000000080025f8
                0x0000000020000000                . = ALIGN (0x4)
                0x0000000020000000                _sdata = .
 *(.data)
 *(.data*)
 .data.SystemCoreClock
                0x0000000020000000        0x4 ./Core/Src/system_stm32f1xx.o
                0x0000000020000000                SystemCoreClock
 .data.uwTickPrio
                0x0000000020000004        0x4 ./Drivers/STM32F1xx_HAL_Driver/Src/stm32f1xx_hal.o
                0x0000000020000004                uwTickPrio
 .data.uwTickFreq
                0x0000000020000008        0x1 ./Drivers/STM32F1xx_HAL_Driver/Src/stm32f1xx_hal.o
                0x0000000020000008                uwTickFreq
 *(.RamFunc)
 *(.RamFunc*)
                0x000000002000000c                . = ALIGN (0x4)
 *fill*         0x0000000020000009        0x3 
                0x000000002000000c                _edata = .

.igot.plt       0x000000002000000c        0x0 load address 0x0000000008002604
 .igot.plt      0x000000002000000c        0x0 D:/Office Soft/STM32CubeIDE_1.13.0/STM32CubeIDE/plugins/com.st.stm32cube.ide.mcu.externaltools.gnu-tools-for-stm32.11.3.rel1.win32_1.1.0.202305231506/tools/bin/../lib/gcc/arm-none-eabi/11.3.1/thumb/v7-m/nofp/crtbegin.o
                0x000000002000000c                . = ALIGN (0x4)

.bss            0x000000002000000c       0xb0 load address 0x0000000008002604
                0x000000002000000c                _sbss = .
                0x000000002000000c                __bss_start__ = _sbss
 *(.bss)
 .bss           0x000000002000000c       0x1c D:/Office Soft/STM32CubeIDE_1.13.0/STM32CubeIDE/plugins/com.st.stm32cube.ide.mcu.externaltools.gnu-tools-for-stm32.11.3.rel1.win32_1.1.0.202305231506/tools/bin/../lib/gcc/arm-none-eabi/11.3.1/thumb/v7-m/nofp/crtbegin.o
 *(.bss*)
 .bss.htim4     0x0000000020000028       0x48 ./Core/Src/tim.o
                0x0000000020000028                htim4
 .bss.htim8     0x0000000020000070       0x48 ./Core/Src/tim.o
                0x0000000020000070                htim8
 .bss.uwTick    0x00000000200000b8        0x4 ./Drivers/STM32F1xx_HAL_Driver/Src/stm32f1xx_hal.o
                0x00000000200000b8                uwTick
 *(COMMON)
                0x00000000200000bc                . = ALIGN (0x4)
                0x00000000200000bc                _ebss = .
                0x00000000200000bc                __bss_end__ = _ebss

._user_heap_stack
                0x00000000200000bc      0x604 load address 0x0000000008002604
                0x00000000200000c0                . = ALIGN (0x8)
 *fill*         0x00000000200000bc        0x4 
                [!provide]                        PROVIDE (end = .)
                0x00000000200000c0                PROVIDE (_end = .)
                0x00000000200002c0                . = (. + _Min_Heap_Size)
 *fill*         0x00000000200000c0      0x200 
                0x00000000200006c0                . = (. + _Min_Stack_Size)
 *fill*         0x00000000200002c0      0x400 
                0x00000000200006c0                . = ALIGN (0x8)

/DISCARD/
 libc.a(*)
 libm.a(*)
 libgcc.a(*)

.ARM.attributes
                0x0000000000000000       0x29
 *(.ARM.attributes)
 .ARM.attributes
                0x0000000000000000       0x1d D:/Office Soft/STM32CubeIDE_1.13.0/STM32CubeIDE/plugins/com.st.stm32cube.ide.mcu.externaltools.gnu-tools-for-stm32.11.3.rel1.win32_1.1.0.202305231506/tools/bin/../lib/gcc/arm-none-eabi/11.3.1/thumb/v7-m/nofp/crti.o
 .ARM.attributes
                0x000000000000001d       0x2d D:/Office Soft/STM32CubeIDE_1.13.0/STM32CubeIDE/plugins/com.st.stm32cube.ide.mcu.externaltools.gnu-tools-for-stm32.11.3.rel1.win32_1.1.0.202305231506/tools/bin/../lib/gcc/arm-none-eabi/11.3.1/thumb/v7-m/nofp/crtbegin.o
 .ARM.attributes
                0x000000000000004a       0x2d ./Core/Src/gpio.o
 .ARM.attributes
                0x0000000000000077       0x2d ./Core/Src/main.o
 .ARM.attributes
                0x00000000000000a4       0x2d ./Core/Src/stm32f1xx_hal_msp.o
 .ARM.attributes
                0x00000000000000d1       0x2d ./Core/Src/stm32f1xx_it.o
 .ARM.attributes
                0x00000000000000fe       0x2d ./Core/Src/system_stm32f1xx.o
 .ARM.attributes
                0x000000000000012b       0x2d ./Core/Src/tim.o
 .ARM.attributes
                0x0000000000000158       0x21 ./Core/Startup/startup_stm32f103rctx.o
 .ARM.attributes
                0x0000000000000179       0x2d ./Drivers/STM32F1xx_HAL_Driver/Src/stm32f1xx_hal.o
 .ARM.attributes
                0x00000000000001a6       0x2d ./Drivers/STM32F1xx_HAL_Driver/Src/stm32f1xx_hal_cortex.o
 .ARM.attributes
                0x00000000000001d3       0x2d ./Drivers/STM32F1xx_HAL_Driver/Src/stm32f1xx_hal_gpio.o
 .ARM.attributes
                0x0000000000000200       0x2d ./Drivers/STM32F1xx_HAL_Driver/Src/stm32f1xx_hal_rcc.o
 .ARM.attributes
                0x000000000000022d       0x2d ./Drivers/STM32F1xx_HAL_Driver/Src/stm32f1xx_hal_tim.o
 .ARM.attributes
                0x000000000000025a       0x2d ./Drivers/STM32F1xx_HAL_Driver/Src/stm32f1xx_hal_tim_ex.o
 .ARM.attributes
                0x0000000000000287       0x2d D:/Office Soft/STM32CubeIDE_1.13.0/STM32CubeIDE/plugins/com.st.stm32cube.ide.mcu.externaltools.gnu-tools-for-stm32.11.3.rel1.win32_1.1.0.202305231506/tools/bin/../lib/gcc/arm-none-eabi/11.3.1/../../../../arm-none-eabi/lib/thumb/v7-m/nofp\libc_nano.a(libc_a-memset.o)
 .ARM.attributes
                0x00000000000002b4       0x2d D:/Office Soft/STM32CubeIDE_1.13.0/STM32CubeIDE/plugins/com.st.stm32cube.ide.mcu.externaltools.gnu-tools-for-stm32.11.3.rel1.win32_1.1.0.202305231506/tools/bin/../lib/gcc/arm-none-eabi/11.3.1/../../../../arm-none-eabi/lib/thumb/v7-m/nofp\libc_nano.a(libc_a-init.o)
 .ARM.attributes
                0x00000000000002e1       0x1d D:/Office Soft/STM32CubeIDE_1.13.0/STM32CubeIDE/plugins/com.st.stm32cube.ide.mcu.externaltools.gnu-tools-for-stm32.11.3.rel1.win32_1.1.0.202305231506/tools/bin/../lib/gcc/arm-none-eabi/11.3.1/thumb/v7-m/nofp\libgcc.a(_arm_addsubdf3.o)
 .ARM.attributes
                0x00000000000002fe       0x1d D:/Office Soft/STM32CubeIDE_1.13.0/STM32CubeIDE/plugins/com.st.stm32cube.ide.mcu.externaltools.gnu-tools-for-stm32.11.3.rel1.win32_1.1.0.202305231506/tools/bin/../lib/gcc/arm-none-eabi/11.3.1/thumb/v7-m/nofp\libgcc.a(_arm_fixunsdfsi.o)
 .ARM.attributes
                0x000000000000031b       0x1d D:/Office Soft/STM32CubeIDE_1.13.0/STM32CubeIDE/plugins/com.st.stm32cube.ide.mcu.externaltools.gnu-tools-for-stm32.11.3.rel1.win32_1.1.0.202305231506/tools/bin/../lib/gcc/arm-none-eabi/11.3.1/thumb/v7-m/nofp/crtn.o
OUTPUT(Example1_1.elf elf32-littlearm)
LOAD linker stubs
LOAD D:/Office Soft/STM32CubeIDE_1.13.0/STM32CubeIDE/plugins/com.st.stm32cube.ide.mcu.externaltools.gnu-tools-for-stm32.11.3.rel1.win32_1.1.0.202305231506/tools/bin/../lib/gcc/arm-none-eabi/11.3.1/../../../../arm-none-eabi/lib/thumb/v7-m/nofp\libc.a
LOAD D:/Office Soft/STM32CubeIDE_1.13.0/STM32CubeIDE/plugins/com.st.stm32cube.ide.mcu.externaltools.gnu-tools-for-stm32.11.3.rel1.win32_1.1.0.202305231506/tools/bin/../lib/gcc/arm-none-eabi/11.3.1/../../../../arm-none-eabi/lib/thumb/v7-m/nofp\libm.a
LOAD D:/Office Soft/STM32CubeIDE_1.13.0/STM32CubeIDE/plugins/com.st.stm32cube.ide.mcu.externaltools.gnu-tools-for-stm32.11.3.rel1.win32_1.1.0.202305231506/tools/bin/../lib/gcc/arm-none-eabi/11.3.1/thumb/v7-m/nofp\libgcc.a

.comment        0x0000000000000000       0x43
 .comment       0x0000000000000000       0x43 D:/Office Soft/STM32CubeIDE_1.13.0/STM32CubeIDE/plugins/com.st.stm32cube.ide.mcu.externaltools.gnu-tools-for-stm32.11.3.rel1.win32_1.1.0.202305231506/tools/bin/../lib/gcc/arm-none-eabi/11.3.1/thumb/v7-m/nofp/crtbegin.o
                                         0x44 (size before relaxing)
 .comment       0x0000000000000043       0x44 ./Core/Src/gpio.o
 .comment       0x0000000000000043       0x44 ./Core/Src/main.o
 .comment       0x0000000000000043       0x44 ./Core/Src/stm32f1xx_hal_msp.o
 .comment       0x0000000000000043       0x44 ./Core/Src/stm32f1xx_it.o
 .comment       0x0000000000000043       0x44 ./Core/Src/system_stm32f1xx.o
 .comment       0x0000000000000043       0x44 ./Core/Src/tim.o
 .comment       0x0000000000000043       0x44 ./Drivers/STM32F1xx_HAL_Driver/Src/stm32f1xx_hal.o
 .comment       0x0000000000000043       0x44 ./Drivers/STM32F1xx_HAL_Driver/Src/stm32f1xx_hal_cortex.o
 .comment       0x0000000000000043       0x44 ./Drivers/STM32F1xx_HAL_Driver/Src/stm32f1xx_hal_gpio.o
 .comment       0x0000000000000043       0x44 ./Drivers/STM32F1xx_HAL_Driver/Src/stm32f1xx_hal_rcc.o
 .comment       0x0000000000000043       0x44 ./Drivers/STM32F1xx_HAL_Driver/Src/stm32f1xx_hal_tim.o
 .comment       0x0000000000000043       0x44 ./Drivers/STM32F1xx_HAL_Driver/Src/stm32f1xx_hal_tim_ex.o

.debug_info     0x0000000000000000     0x7aa8
 .debug_info    0x0000000000000000      0x2d3 ./Core/Src/gpio.o
 .debug_info    0x00000000000002d3      0xa1d ./Core/Src/main.o
 .debug_info    0x0000000000000cf0      0x1f1 ./Core/Src/stm32f1xx_hal_msp.o
 .debug_info    0x0000000000000ee1      0x113 ./Core/Src/stm32f1xx_it.o
 .debug_info    0x0000000000000ff4      0x222 ./Core/Src/system_stm32f1xx.o
 .debug_info    0x0000000000001216      0xac2 ./Core/Src/tim.o
 .debug_info    0x0000000000001cd8       0x23 ./Core/Startup/startup_stm32f103rctx.o
 .debug_info    0x0000000000001cfb      0x76a ./Drivers/STM32F1xx_HAL_Driver/Src/stm32f1xx_hal.o
 .debug_info    0x0000000000002465      0xaed ./Drivers/STM32F1xx_HAL_Driver/Src/stm32f1xx_hal_cortex.o
 .debug_info    0x0000000000002f52      0x5ab ./Drivers/STM32F1xx_HAL_Driver/Src/stm32f1xx_hal_gpio.o
 .debug_info    0x00000000000034fd      0x7d5 ./Drivers/STM32F1xx_HAL_Driver/Src/stm32f1xx_hal_rcc.o
 .debug_info    0x0000000000003cd2     0x293b ./Drivers/STM32F1xx_HAL_Driver/Src/stm32f1xx_hal_tim.o
 .debug_info    0x000000000000660d     0x149b ./Drivers/STM32F1xx_HAL_Driver/Src/stm32f1xx_hal_tim_ex.o

.debug_abbrev   0x0000000000000000     0x1720
 .debug_abbrev  0x0000000000000000      0x13f ./Core/Src/gpio.o
 .debug_abbrev  0x000000000000013f      0x290 ./Core/Src/main.o
 .debug_abbrev  0x00000000000003cf       0xdb ./Core/Src/stm32f1xx_hal_msp.o
 .debug_abbrev  0x00000000000004aa       0x73 ./Core/Src/stm32f1xx_it.o
 .debug_abbrev  0x000000000000051d      0x13f ./Core/Src/system_stm32f1xx.o
 .debug_abbrev  0x000000000000065c      0x243 ./Core/Src/tim.o
 .debug_abbrev  0x000000000000089f       0x12 ./Core/Startup/startup_stm32f103rctx.o
 .debug_abbrev  0x00000000000008b1      0x201 ./Drivers/STM32F1xx_HAL_Driver/Src/stm32f1xx_hal.o
 .debug_abbrev  0x0000000000000ab2      0x2f8 ./Drivers/STM32F1xx_HAL_Driver/Src/stm32f1xx_hal_cortex.o
 .debug_abbrev  0x0000000000000daa      0x1ca ./Drivers/STM32F1xx_HAL_Driver/Src/stm32f1xx_hal_gpio.o
 .debug_abbrev  0x0000000000000f74      0x2b3 ./Drivers/STM32F1xx_HAL_Driver/Src/stm32f1xx_hal_rcc.o
 .debug_abbrev  0x0000000000001227      0x277 ./Drivers/STM32F1xx_HAL_Driver/Src/stm32f1xx_hal_tim.o
 .debug_abbrev  0x000000000000149e      0x282 ./Drivers/STM32F1xx_HAL_Driver/Src/stm32f1xx_hal_tim_ex.o

.debug_aranges  0x0000000000000000      0x9a8
 .debug_aranges
                0x0000000000000000       0x20 ./Core/Src/gpio.o
 .debug_aranges
                0x0000000000000020       0x78 ./Core/Src/main.o
 .debug_aranges
                0x0000000000000098       0x20 ./Core/Src/stm32f1xx_hal_msp.o
 .debug_aranges
                0x00000000000000b8       0x60 ./Core/Src/stm32f1xx_it.o
 .debug_aranges
                0x0000000000000118       0x28 ./Core/Src/system_stm32f1xx.o
 .debug_aranges
                0x0000000000000140       0x40 ./Core/Src/tim.o
 .debug_aranges
                0x0000000000000180       0x28 ./Core/Startup/startup_stm32f103rctx.o
 .debug_aranges
                0x00000000000001a8       0xe0 ./Drivers/STM32F1xx_HAL_Driver/Src/stm32f1xx_hal.o
 .debug_aranges
                0x0000000000000288      0x100 ./Drivers/STM32F1xx_HAL_Driver/Src/stm32f1xx_hal_cortex.o
 .debug_aranges
                0x0000000000000388       0x58 ./Drivers/STM32F1xx_HAL_Driver/Src/stm32f1xx_hal_gpio.o
 .debug_aranges
                0x00000000000003e0       0x90 ./Drivers/STM32F1xx_HAL_Driver/Src/stm32f1xx_hal_rcc.o
 .debug_aranges
                0x0000000000000470      0x3d0 ./Drivers/STM32F1xx_HAL_Driver/Src/stm32f1xx_hal_tim.o
 .debug_aranges
                0x0000000000000840      0x168 ./Drivers/STM32F1xx_HAL_Driver/Src/stm32f1xx_hal_tim_ex.o

.debug_rnglists
                0x0000000000000000      0x76c
 .debug_rnglists
                0x0000000000000000       0x14 ./Core/Src/gpio.o
 .debug_rnglists
                0x0000000000000014       0x59 ./Core/Src/main.o
 .debug_rnglists
                0x000000000000006d       0x13 ./Core/Src/stm32f1xx_hal_msp.o
 .debug_rnglists
                0x0000000000000080       0x43 ./Core/Src/stm32f1xx_it.o
 .debug_rnglists
                0x00000000000000c3       0x1a ./Core/Src/system_stm32f1xx.o
 .debug_rnglists
                0x00000000000000dd       0x2e ./Core/Src/tim.o
 .debug_rnglists
                0x000000000000010b       0x19 ./Core/Startup/startup_stm32f103rctx.o
 .debug_rnglists
                0x0000000000000124       0xa3 ./Drivers/STM32F1xx_HAL_Driver/Src/stm32f1xx_hal.o
 .debug_rnglists
                0x00000000000001c7       0xbb ./Drivers/STM32F1xx_HAL_Driver/Src/stm32f1xx_hal_cortex.o
 .debug_rnglists
                0x0000000000000282       0x3f ./Drivers/STM32F1xx_HAL_Driver/Src/stm32f1xx_hal_gpio.o
 .debug_rnglists
                0x00000000000002c1       0x6c ./Drivers/STM32F1xx_HAL_Driver/Src/stm32f1xx_hal_rcc.o
 .debug_rnglists
                0x000000000000032d      0x31a ./Drivers/STM32F1xx_HAL_Driver/Src/stm32f1xx_hal_tim.o
 .debug_rnglists
                0x0000000000000647      0x125 ./Drivers/STM32F1xx_HAL_Driver/Src/stm32f1xx_hal_tim_ex.o

.debug_macro    0x0000000000000000    0x18930
 .debug_macro   0x0000000000000000      0x1b3 ./Core/Src/gpio.o
 .debug_macro   0x00000000000001b3      0xa9c ./Core/Src/gpio.o
 .debug_macro   0x0000000000000c4f      0x215 ./Core/Src/gpio.o
 .debug_macro   0x0000000000000e64       0x2e ./Core/Src/gpio.o
 .debug_macro   0x0000000000000e92       0x22 ./Core/Src/gpio.o
 .debug_macro   0x0000000000000eb4       0x22 ./Core/Src/gpio.o
 .debug_macro   0x0000000000000ed6       0x8e ./Core/Src/gpio.o
 .debug_macro   0x0000000000000f64       0x51 ./Core/Src/gpio.o
 .debug_macro   0x0000000000000fb5      0x103 ./Core/Src/gpio.o
 .debug_macro   0x00000000000010b8       0x6a ./Core/Src/gpio.o
 .debug_macro   0x0000000000001122      0x1df ./Core/Src/gpio.o
 .debug_macro   0x0000000000001301       0x1c ./Core/Src/gpio.o
 .debug_macro   0x000000000000131d       0x22 ./Core/Src/gpio.o
 .debug_macro   0x000000000000133f       0xbd ./Core/Src/gpio.o
 .debug_macro   0x00000000000013fc      0xd23 ./Core/Src/gpio.o
 .debug_macro   0x000000000000211f     0xfd8c ./Core/Src/gpio.o
 .debug_macro   0x0000000000011eab       0x6d ./Core/Src/gpio.o
 .debug_macro   0x0000000000011f18     0x348d ./Core/Src/gpio.o
 .debug_macro   0x00000000000153a5      0x174 ./Core/Src/gpio.o
 .debug_macro   0x0000000000015519       0x5c ./Core/Src/gpio.o
 .debug_macro   0x0000000000015575      0x5bc ./Core/Src/gpio.o
 .debug_macro   0x0000000000015b31      0x4d5 ./Core/Src/gpio.o
 .debug_macro   0x0000000000016006      0x1cb ./Core/Src/gpio.o
 .debug_macro   0x00000000000161d1      0x114 ./Core/Src/gpio.o
 .debug_macro   0x00000000000162e5      0x1ea ./Core/Src/gpio.o
 .debug_macro   0x00000000000164cf       0x27 ./Core/Src/gpio.o
 .debug_macro   0x00000000000164f6      0x144 ./Core/Src/gpio.o
 .debug_macro   0x000000000001663a      0x1bc ./Core/Src/gpio.o
 .debug_macro   0x00000000000167f6       0x30 ./Core/Src/gpio.o
 .debug_macro   0x0000000000016826       0x3c ./Core/Src/gpio.o
 .debug_macro   0x0000000000016862       0x57 ./Core/Src/gpio.o
 .debug_macro   0x00000000000168b9       0x87 ./Core/Src/gpio.o
 .debug_macro   0x0000000000016940      0x24f ./Core/Src/gpio.o
 .debug_macro   0x0000000000016b8f      0x140 ./Core/Src/gpio.o
 .debug_macro   0x0000000000016ccf      0x8ed ./Core/Src/gpio.o
 .debug_macro   0x00000000000175bc       0xb5 ./Core/Src/gpio.o
 .debug_macro   0x0000000000017671      0x1df ./Core/Src/main.o
 .debug_macro   0x0000000000017850      0x1a9 ./Core/Src/stm32f1xx_hal_msp.o
 .debug_macro   0x00000000000179f9      0x1b3 ./Core/Src/stm32f1xx_it.o
 .debug_macro   0x0000000000017bac      0x199 ./Core/Src/system_stm32f1xx.o
 .debug_macro   0x0000000000017d45      0x1b3 ./Core/Src/tim.o
 .debug_macro   0x0000000000017ef8      0x1bd ./Drivers/STM32F1xx_HAL_Driver/Src/stm32f1xx_hal.o
 .debug_macro   0x00000000000180b5      0x199 ./Drivers/STM32F1xx_HAL_Driver/Src/stm32f1xx_hal_cortex.o
 .debug_macro   0x000000000001824e      0x204 ./Drivers/STM32F1xx_HAL_Driver/Src/stm32f1xx_hal_gpio.o
 .debug_macro   0x0000000000018452      0x1ab ./Drivers/STM32F1xx_HAL_Driver/Src/stm32f1xx_hal_rcc.o
 .debug_macro   0x00000000000185fd      0x19a ./Drivers/STM32F1xx_HAL_Driver/Src/stm32f1xx_hal_tim.o
 .debug_macro   0x0000000000018797      0x199 ./Drivers/STM32F1xx_HAL_Driver/Src/stm32f1xx_hal_tim_ex.o

.debug_line     0x0000000000000000     0xab33
 .debug_line    0x0000000000000000      0x6e8 ./Core/Src/gpio.o
 .debug_line    0x00000000000006e8      0x926 ./Core/Src/main.o
 .debug_line    0x000000000000100e      0x6da ./Core/Src/stm32f1xx_hal_msp.o
 .debug_line    0x00000000000016e8      0x79b ./Core/Src/stm32f1xx_it.o
 .debug_line    0x0000000000001e83      0x757 ./Core/Src/system_stm32f1xx.o
 .debug_line    0x00000000000025da      0x845 ./Core/Src/tim.o
 .debug_line    0x0000000000002e1f       0x79 ./Core/Startup/startup_stm32f103rctx.o
 .debug_line    0x0000000000002e98      0x984 ./Drivers/STM32F1xx_HAL_Driver/Src/stm32f1xx_hal.o
 .debug_line    0x000000000000381c      0xb6c ./Drivers/STM32F1xx_HAL_Driver/Src/stm32f1xx_hal_cortex.o
 .debug_line    0x0000000000004388      0xa45 ./Drivers/STM32F1xx_HAL_Driver/Src/stm32f1xx_hal_gpio.o
 .debug_line    0x0000000000004dcd      0xd8d ./Drivers/STM32F1xx_HAL_Driver/Src/stm32f1xx_hal_rcc.o
 .debug_line    0x0000000000005b5a     0x3690 ./Drivers/STM32F1xx_HAL_Driver/Src/stm32f1xx_hal_tim.o
 .debug_line    0x00000000000091ea     0x1949 ./Drivers/STM32F1xx_HAL_Driver/Src/stm32f1xx_hal_tim_ex.o

.debug_str      0x0000000000000000    0x924ad
 .debug_str     0x0000000000000000    0x8f957 ./Core/Src/gpio.o
                                      0x8fd43 (size before relaxing)
 .debug_str     0x000000000008f957      0x70d ./Core/Src/main.o
                                      0x9046a (size before relaxing)
 .debug_str     0x0000000000090064       0x5a ./Core/Src/stm32f1xx_hal_msp.o
                                      0x8fccb (size before relaxing)
 .debug_str     0x00000000000900be       0xc9 ./Core/Src/stm32f1xx_it.o
                                      0x8fce0 (size before relaxing)
 .debug_str     0x0000000000090187       0x7e ./Core/Src/system_stm32f1xx.o
                                      0x8fce0 (size before relaxing)
 .debug_str     0x0000000000090205      0x21a ./Core/Src/tim.o
                                      0x90424 (size before relaxing)
 .debug_str     0x000000000009041f       0x34 ./Core/Startup/startup_stm32f103rctx.o
                                         0x4d (size before relaxing)
 .debug_str     0x0000000000090453      0x69f ./Drivers/STM32F1xx_HAL_Driver/Src/stm32f1xx_hal.o
                                      0x904f7 (size before relaxing)
 .debug_str     0x0000000000090af2      0x2bb ./Drivers/STM32F1xx_HAL_Driver/Src/stm32f1xx_hal_cortex.o
                                      0x90443 (size before relaxing)
 .debug_str     0x0000000000090dad      0x2f6 ./Drivers/STM32F1xx_HAL_Driver/Src/stm32f1xx_hal_gpio.o
                                      0x90066 (size before relaxing)
 .debug_str     0x00000000000910a3      0x229 ./Drivers/STM32F1xx_HAL_Driver/Src/stm32f1xx_hal_rcc.o
                                      0x9010f (size before relaxing)
 .debug_str     0x00000000000912cc      0xe00 ./Drivers/STM32F1xx_HAL_Driver/Src/stm32f1xx_hal_tim.o
                                      0x91101 (size before relaxing)
 .debug_str     0x00000000000920cc      0x3e1 ./Drivers/STM32F1xx_HAL_Driver/Src/stm32f1xx_hal_tim_ex.o
                                      0x9091d (size before relaxing)

.debug_frame    0x0000000000000000     0x27d8
 .debug_frame   0x0000000000000000       0x34 ./Core/Src/gpio.o
 .debug_frame   0x0000000000000034      0x174 ./Core/Src/main.o
 .debug_frame   0x00000000000001a8       0x38 ./Core/Src/stm32f1xx_hal_msp.o
 .debug_frame   0x00000000000001e0      0x104 ./Core/Src/stm32f1xx_it.o
 .debug_frame   0x00000000000002e4       0x58 ./Core/Src/system_stm32f1xx.o
 .debug_frame   0x000000000000033c       0xcc ./Core/Src/tim.o
 .debug_frame   0x0000000000000408      0x334 ./Drivers/STM32F1xx_HAL_Driver/Src/stm32f1xx_hal.o
 .debug_frame   0x000000000000073c      0x428 ./Drivers/STM32F1xx_HAL_Driver/Src/stm32f1xx_hal_cortex.o
 .debug_frame   0x0000000000000b64      0x14c ./Drivers/STM32F1xx_HAL_Driver/Src/stm32f1xx_hal_gpio.o
 .debug_frame   0x0000000000000cb0      0x218 ./Drivers/STM32F1xx_HAL_Driver/Src/stm32f1xx_hal_rcc.o
 .debug_frame   0x0000000000000ec8     0x11bc ./Drivers/STM32F1xx_HAL_Driver/Src/stm32f1xx_hal_tim.o
 .debug_frame   0x0000000000002084      0x638 ./Drivers/STM32F1xx_HAL_Driver/Src/stm32f1xx_hal_tim_ex.o
 .debug_frame   0x00000000000026bc       0x20 D:/Office Soft/STM32CubeIDE_1.13.0/STM32CubeIDE/plugins/com.st.stm32cube.ide.mcu.externaltools.gnu-tools-for-stm32.11.3.rel1.win32_1.1.0.202305231506/tools/bin/../lib/gcc/arm-none-eabi/11.3.1/../../../../arm-none-eabi/lib/thumb/v7-m/nofp\libc_nano.a(libc_a-memset.o)
 .debug_frame   0x00000000000026dc       0x2c D:/Office Soft/STM32CubeIDE_1.13.0/STM32CubeIDE/plugins/com.st.stm32cube.ide.mcu.externaltools.gnu-tools-for-stm32.11.3.rel1.win32_1.1.0.202305231506/tools/bin/../lib/gcc/arm-none-eabi/11.3.1/../../../../arm-none-eabi/lib/thumb/v7-m/nofp\libc_nano.a(libc_a-init.o)
 .debug_frame   0x0000000000002708       0xac D:/Office Soft/STM32CubeIDE_1.13.0/STM32CubeIDE/plugins/com.st.stm32cube.ide.mcu.externaltools.gnu-tools-for-stm32.11.3.rel1.win32_1.1.0.202305231506/tools/bin/../lib/gcc/arm-none-eabi/11.3.1/thumb/v7-m/nofp\libgcc.a(_arm_addsubdf3.o)
 .debug_frame   0x00000000000027b4       0x24 D:/Office Soft/STM32CubeIDE_1.13.0/STM32CubeIDE/plugins/com.st.stm32cube.ide.mcu.externaltools.gnu-tools-for-stm32.11.3.rel1.win32_1.1.0.202305231506/tools/bin/../lib/gcc/arm-none-eabi/11.3.1/thumb/v7-m/nofp\libgcc.a(_arm_fixunsdfsi.o)

.debug_line_str
                0x0000000000000000       0x41
 .debug_line_str
                0x0000000000000000       0x41 ./Core/Startup/startup_stm32f103rctx.o
                                         0x59 (size before relaxing)
