../Core/Src/main.c:87:5:myabs	24	static
../Core/Src/main.c:98:6:ServoInit	8	static
../Core/Src/main.c:107:6:Set_Servo_angle	32	static
../Core/Src/main.c:118:6:ServoControl	8	static
../Core/Src/main.c:142:6:MotorInit	8	static
../Core/Src/main.c:150:6:EncoderInit	8	static
../Core/Src/main.c:163:6:B_Left_Go	8	static
../Core/Src/main.c:169:6:B_Right_Go	8	static
../Core/Src/main.c:176:6:B_Left_Back	8	static
../Core/Src/main.c:182:6:B_Right_Back	8	static
../Core/Src/main.c:188:6:B_Left_Stop	8	static
../Core/Src/main.c:194:6:B_Right_Stop	8	static
../Core/Src/main.c:204:6:MotorControl	16	static
../Core/Src/main.c:235:6:GetEncoderPulse	4	static
../Core/Src/main.c:245:7:CalActualSpeed	16	static
../Core/Src/main.c:255:6:PID_Init	16	static
../Core/Src/main.c:270:5:PID_Cal	48	static
../Core/Src/main.c:282:6:MotorRemoteControl	8	static
../Core/Src/main.c:324:5:main	8	static
../Core/Src/main.c:394:6:SystemClock_Config	72	static
../Core/Src/main.c:430:6:HAL_TIM_PeriodElapsedCallback	32	static
../Core/Src/main.c:454:6:HAL_GPIO_EXTI_Callback	16	static
../Core/Src/main.c:483:6:Error_Handler	4	static,ignoring_inline_asm
