../Core/Src/main.c:71:5:myabs	24	static
../Core/Src/main.c:81:6:Left_Go	8	static
../Core/Src/main.c:87:6:Right_Go	8	static
../Core/Src/main.c:93:6:Left_Back	8	static
../Core/Src/main.c:99:6:Right_Back	8	static
../Core/Src/main.c:105:6:Go_Back	8	static
../Core/Src/main.c:114:6:Left_Stop	8	static
../Core/Src/main.c:120:6:Right_Stop	8	static
../Core/Src/main.c:132:6:MotorControl	16	static
../Core/Src/main.c:164:6:Set_Servo_angle	32	static
../Core/Src/main.c:174:6:GetEncoderPulse	4	static
../Core/Src/main.c:183:7:CalActualSpeed	16	static
../Core/Src/main.c:193:5:main	8	static
../Core/Src/main.c:259:6:SystemClock_Config	72	static
../Core/Src/main.c:295:6:HAL_TIM_PeriodElapsedCallback	24	static
../Core/Src/main.c:314:6:Error_Handler	4	static,ignoring_inline_asm
