../Core/Src/main.c:83:5:myabs	24	static
../Core/Src/main.c:93:6:Left_Go	8	static
../Core/Src/main.c:99:6:Right_Go	8	static
../Core/Src/main.c:105:6:Left_Back	8	static
../Core/Src/main.c:111:6:Right_Back	8	static
../Core/Src/main.c:117:6:Go_Back	8	static
../Core/Src/main.c:126:6:Left_Stop	8	static
../Core/Src/main.c:132:6:Right_Stop	8	static
../Core/Src/main.c:138:6:MotorControl	16	static
../Core/Src/main.c:168:6:Set_Servo_angle	32	static
../Core/Src/main.c:179:6:GetEncoderPulse	4	static
../Core/Src/main.c:189:7:CalActualSpeed	16	static
../Core/Src/main.c:199:6:PID_Init	16	static
../Core/Src/main.c:214:6:PID_Cal	48	static
../Core/Src/main.c:232:5:main	8	static
../Core/Src/main.c:298:6:SystemClock_Config	72	static
../Core/Src/main.c:334:6:HAL_TIM_PeriodElapsedCallback	32	static
../Core/Src/main.c:365:6:Error_Handler	4	static,ignoring_inline_asm
